// Jest Snapshot v1, https://goo.gl/fbAQLP

exports[`Table should match snapshot 1`] = `
<table
  className="table table-responsive .modifier"
>
  <thead>
    <tr>
      <th>
        First Name
      </th>
      <th>
        Last Name
      </th>
    </tr>
  </thead>
  <tbody>
    <tr>
      <td
        className="border-top"
      >
        Michael
      </td>
      <td
        className="border-top"
      >
        Jordan
      </td>
    </tr>
  </tbody>
</table>
`;
